// Jest Snapshot v1, https://goo.gl/fbAQLP

exports[`Codecs Renders correctly 1`] = `
<div>
  Loading codecs...
</div>
`;
